// Jest Snapshot v1, https://goo.gl/fbAQLP

exports[`App should match snapshot 1`] = `
<main
  className="App"
>
  <Main
    addNewPalette={[Function]}
    clearFolderID={[Function]}
    currentPalette={
      Array [
        Object {
          "color": "#688829",
          "isLocked": false,
        },
        Object {
          "color": "#07f5b8",
          "isLocked": false,
        },
        Object {
          "color": "#7fb618",
          "isLocked": false,
        },
        Object {
          "color": "#1eed3a",
          "isLocked": false,
        },
        Object {
          "color": "#c7e3fd",
          "isLocked": false,
        },
      ]
    }
    deleteAPalette={[Function]}
    folderID=""
    folders={Array []}
    generateRandomColors={[Function]}
    isLoading={true}
    palettes={Array []}
    toggleLock={[Function]}
  />
</main>
`;
