// Jest Snapshot v1, https://goo.gl/fbAQLP

exports[`App should match snapshot 1`] = `
<main
  className="App"
>
  <Main
    addNewPalette={[Function]}
    clearFolderID={[Function]}
    currentPalette={
      Array [
        Object {
          "color": "#e310e9",
          "isLocked": false,
        },
        Object {
          "color": "#0c6f54",
          "isLocked": false,
        },
        Object {
          "color": "#c2191f",
          "isLocked": false,
        },
        Object {
          "color": "#98c5aa",
          "isLocked": false,
        },
        Object {
          "color": "#987ec5",
          "isLocked": false,
        },
      ]
    }
    deleteAPalette={[Function]}
    folderID=""
    folders={Array []}
    generateRandomColors={[Function]}
    isLoading={true}
    palettes={Array []}
    toggleLock={[Function]}
  />
</main>
`;
